// Jest Snapshot v1, https://goo.gl/fbAQLP

exports[`ExternalLink renders correctly 1`] = `
<Text
  href="/"
  onPress={[Function]}
  role="link"
>
  Snapshot test!
</Text>
`;
